▲ Next.js 16.2.9 (Turbopack)
- Local:         http://localhost:3001
- Network:       http://10.13.103.3:3001
- Environments: .env.local
✓ Ready in 292ms

 GET /dashboard 200 in 1027ms (next.js: 91ms, proxy.ts: 298ms, application-code: 638ms)
 GET /login 200 in 53ms (next.js: 17ms, proxy.ts: 3ms, application-code: 33ms)
 GET /login 200 in 32ms (next.js: 2ms, proxy.ts: 3ms, application-code: 26ms)
✓ Compiled in 52ms
✓ Compiled in 49ms
 GET /dashboard 200 in 229ms (next.js: 34ms, proxy.ts: 144ms, application-code: 51ms)
 GET /dashboard 200 in 141ms (next.js: 3ms, proxy.ts: 96ms, application-code: 42ms)
 GET /dashboard 200 in 147ms (next.js: 2ms, proxy.ts: 103ms, application-code: 41ms)
 GET /dashboard 200 in 141ms (next.js: 3ms, proxy.ts: 98ms, application-code: 40ms)
 GET /dashboard 200 in 140ms (next.js: 2ms, proxy.ts: 98ms, application-code: 40ms)
 GET /dashboard 200 in 139ms (next.js: 3ms, proxy.ts: 99ms, application-code: 38ms)
 GET /dashboard 200 in 134ms (next.js: 3ms, proxy.ts: 92ms, application-code: 40ms)
 GET /dashboard 200 in 130ms (next.js: 3ms, proxy.ts: 90ms, application-code: 37ms)
 GET /dashboard 200 in 146ms (next.js: 2ms, proxy.ts: 103ms, application-code: 41ms)
 GET /dashboard 200 in 132ms (next.js: 2ms, proxy.ts: 90ms, application-code: 39ms)
 GET /dashboard 200 in 140ms (next.js: 2ms, proxy.ts: 100ms, application-code: 38ms)
 GET /dashboard 200 in 140ms (next.js: 2ms, proxy.ts: 95ms, application-code: 43ms)
 GET /dashboard 200 in 138ms (next.js: 2ms, proxy.ts: 99ms, application-code: 37ms)
 GET /dashboard 200 in 127ms (next.js: 2ms, proxy.ts: 90ms, application-code: 35ms)
 GET /dashboard 200 in 133ms (next.js: 2ms, proxy.ts: 95ms, application-code: 36ms)
 GET /dashboard 200 in 132ms (next.js: 2ms, proxy.ts: 90ms, application-code: 40ms)
 GET /dashboard 200 in 128ms (next.js: 2ms, proxy.ts: 90ms, application-code: 36ms)
 GET /dashboard 200 in 138ms (next.js: 2ms, proxy.ts: 97ms, application-code: 39ms)
 GET /dashboard 200 in 132ms (next.js: 2ms, proxy.ts: 89ms, application-code: 42ms)
 GET /dashboard 200 in 127ms (next.js: 2ms, proxy.ts: 89ms, application-code: 36ms)
 GET /dashboard 200 in 136ms (next.js: 2ms, proxy.ts: 95ms, application-code: 39ms)
 GET /dashboard 200 in 132ms (next.js: 2ms, proxy.ts: 88ms, application-code: 41ms)
 GET /dashboard 200 in 146ms (next.js: 2ms, proxy.ts: 106ms, application-code: 38ms)
 GET /dashboard 200 in 136ms (next.js: 2ms, proxy.ts: 97ms, application-code: 37ms)
 GET /dashboard 200 in 132ms (next.js: 2ms, proxy.ts: 89ms, application-code: 41ms)
 GET /dashboard 200 in 132ms (next.js: 5ms, proxy.ts: 90ms, application-code: 37ms)
 GET /dashboard 200 in 134ms (next.js: 3ms, proxy.ts: 95ms, application-code: 37ms)
 GET /dashboard 200 in 133ms (next.js: 2ms, proxy.ts: 89ms, application-code: 41ms)
 GET /dashboard 200 in 129ms (next.js: 2ms, proxy.ts: 90ms, application-code: 36ms)
 GET /dashboard 200 in 135ms (next.js: 2ms, proxy.ts: 96ms, application-code: 37ms)
 GET /dashboard 200 in 135ms (next.js: 2ms, proxy.ts: 92ms, application-code: 41ms)
 GET /dashboard 200 in 131ms (next.js: 2ms, proxy.ts: 89ms, application-code: 39ms)
 GET /dashboard 200 in 136ms (next.js: 2ms, proxy.ts: 96ms, application-code: 38ms)
 GET /dashboard 200 in 135ms (next.js: 2ms, proxy.ts: 88ms, application-code: 44ms)
 GET /dashboard 200 in 134ms (next.js: 2ms, proxy.ts: 95ms, application-code: 37ms)
 GET /dashboard 200 in 134ms (next.js: 2ms, proxy.ts: 95ms, application-code: 37ms)
 GET /dashboard 200 in 137ms (next.js: 2ms, proxy.ts: 98ms, application-code: 37ms)
 GET /dashboard 200 in 132ms (next.js: 2ms, proxy.ts: 89ms, application-code: 40ms)
 GET /dashboard 200 in 142ms (next.js: 2ms, proxy.ts: 97ms, application-code: 42ms)
 GET /dashboard 200 in 136ms (next.js: 2ms, proxy.ts: 90ms, application-code: 44ms)
 GET /dashboard 200 in 132ms (next.js: 2ms, proxy.ts: 94ms, application-code: 35ms)
 GET /dashboard 200 in 133ms (next.js: 2ms, proxy.ts: 94ms, application-code: 37ms)
 GET /dashboard 200 in 127ms (next.js: 2ms, proxy.ts: 89ms, application-code: 37ms)
 GET /dashboard 200 in 128ms (next.js: 2ms, proxy.ts: 89ms, application-code: 37ms)
 GET /dashboard 200 in 148ms (next.js: 2ms, proxy.ts: 108ms, application-code: 38ms)
 GET /dashboard 200 in 134ms (next.js: 2ms, proxy.ts: 88ms, application-code: 43ms)
 GET /dashboard 200 in 130ms (next.js: 2ms, proxy.ts: 91ms, application-code: 37ms)
 GET /dashboard 200 in 143ms (next.js: 2ms, proxy.ts: 100ms, application-code: 41ms)
 GET /dashboard 200 in 140ms (next.js: 2ms, proxy.ts: 100ms, application-code: 38ms)
 GET /dashboard 200 in 125ms (next.js: 2ms, proxy.ts: 90ms, application-code: 33ms)
✓ Compiled in 24ms
 GET /dashboard 200 in 295ms (next.js: 63ms, proxy.ts: 173ms, application-code: 59ms)
 GET /my/batches 200 in 562ms (next.js: 23ms, proxy.ts: 220ms, application-code: 319ms)
 GET /my/tasks 200 in 402ms (next.js: 22ms, proxy.ts: 92ms, application-code: 288ms)
 GET /dashboard 200 in 501ms (next.js: 2ms, proxy.ts: 87ms, application-code: 412ms)
✓ Compiled in 92ms
✓ Compiled in 48ms
✓ Compiled in 49ms
✓ Compiled in 354ms
 GET /dashboard 200 in 1378ms (next.js: 145ms, proxy.ts: 504ms, application-code: 729ms)
 GET /dashboard 200 in 648ms (next.js: 7ms, proxy.ts: 107ms, application-code: 534ms)
 GET /dashboard 200 in 505ms (next.js: 28ms, proxy.ts: 347ms, application-code: 130ms)
 GET /dashboard 200 in 510ms (next.js: 4ms, proxy.ts: 276ms, application-code: 229ms)
 GET /dashboard 200 in 509ms (next.js: 7ms, proxy.ts: 347ms, application-code: 156ms)
 GET /dashboard 200 in 1296ms (next.js: 111ms, proxy.ts: 407ms, application-code: 778ms)
✓ Compiled in 31ms
 GET /dashboard 200 in 315ms (next.js: 69ms, proxy.ts: 171ms, application-code: 75ms)
 GET /dashboard 200 in 156ms (next.js: 3ms, proxy.ts: 111ms, application-code: 42ms)
✓ Compiled in 28ms
 GET /dashboard 200 in 454ms (next.js: 67ms, proxy.ts: 171ms, application-code: 215ms)
 GET /dashboard 200 in 235ms (next.js: 2ms, proxy.ts: 104ms, application-code: 129ms)
✓ Compiled in 61ms
 GET /dashboard 200 in 414ms (next.js: 66ms, proxy.ts: 178ms, application-code: 170ms)
 GET /dashboard 200 in 248ms (next.js: 3ms, proxy.ts: 111ms, application-code: 135ms)
 GET /dashboard 200 in 236ms (next.js: 3ms, proxy.ts: 99ms, application-code: 134ms)
 GET /dashboard 200 in 228ms (next.js: 3ms, proxy.ts: 98ms, application-code: 127ms)
 GET /dashboard 200 in 433ms (next.js: 106ms, proxy.ts: 148ms, application-code: 178ms)
 GET /dashboard 200 in 316ms (next.js: 2ms, proxy.ts: 188ms, application-code: 126ms)
 GET /dashboard 200 in 235ms (next.js: 3ms, proxy.ts: 96ms, application-code: 136ms)
 GET /dashboard 200 in 224ms (next.js: 4ms, proxy.ts: 96ms, application-code: 124ms)
 GET /dashboard 200 in 285ms (next.js: 3ms, proxy.ts: 103ms, application-code: 179ms)
 GET /dashboard 200 in 219ms (next.js: 3ms, proxy.ts: 93ms, application-code: 124ms)
✓ Compiled in 31ms
 GET /dashboard 200 in 425ms (next.js: 71ms, proxy.ts: 197ms, application-code: 157ms)
 GET /dashboard 200 in 258ms (next.js: 3ms, proxy.ts: 113ms, application-code: 142ms)
✓ Compiled in 32ms
 GET /dashboard 200 in 411ms (next.js: 67ms, proxy.ts: 169ms, application-code: 174ms)
 GET /dashboard 200 in 260ms (next.js: 4ms, proxy.ts: 112ms, application-code: 144ms)
✓ Compiled in 30ms
 GET /dashboard 200 in 895ms (next.js: 68ms, proxy.ts: 611ms, application-code: 216ms)
 GET /my/batches 200 in 740ms (next.js: 96ms, proxy.ts: 250ms, application-code: 394ms)
 GET /my/tasks 200 in 528ms (next.js: 80ms, proxy.ts: 95ms, application-code: 352ms)
 GET /my/amali 200 in 835ms (next.js: 379ms, proxy.ts: 101ms, application-code: 356ms)
 GET /my/report 200 in 479ms (next.js: 24ms, proxy.ts: 92ms, application-code: 363ms)
 GET /dashboard 200 in 540ms (next.js: 2ms, proxy.ts: 95ms, application-code: 442ms)
 GET /my/report 200 in 455ms (next.js: 2ms, proxy.ts: 117ms, application-code: 336ms)
 GET /my/batches 200 in 631ms (next.js: 12ms, proxy.ts: 243ms, application-code: 375ms)
 GET /dashboard 200 in 780ms (next.js: 11ms, proxy.ts: 97ms, application-code: 672ms)
 GET /my/tasks 200 in 427ms (next.js: 4ms, proxy.ts: 104ms, application-code: 319ms)
 GET /dashboard 200 in 504ms (next.js: 3ms, proxy.ts: 87ms, application-code: 414ms)
